// Jest Snapshot v1, https://goo.gl/fbAQLP

exports[`matches snapshot 1`] = `
<DocumentFragment>
  <div
    class="SearchForm mb-2"
  >
    <form>
      <div
        class="SearchForm-row row"
      >
        <div
          class="col-4"
        >
          <input
            class="form-control form-control-md"
            name="searchTerm"
            placeholder="Search by undefined"
            value=""
          />
        </div>
        <div
          class="col-auto"
        >
          <button
            class="btn btn-md btn-success"
            type="submit"
          >
            Submit
          </button>
        </div>
      </div>
    </form>
  </div>
</DocumentFragment>
`;
